{"HostConfigHash":"4307737","CardHash":"8eb8924","Error":null}