{"HostConfigHash":"4307737","CardHash":"7d74941","Error":null}