{"HostConfigHash":"4307737","CardHash":"a922852","Error":null}