{"HostConfigHash":"4307737","CardHash":"470dd02","Error":null}