{"HostConfigHash":"4307737","CardHash":"37b6de3","Error":null}