{"actions":[],"body":[{"bleed":true,"items":[{"text":"Bleeding container at the top of the card","type":"TextBlock","wrap":true}],"style":"Emphasis","type":"Container"},{"text":"Dummy TextBlock","type":"TextBlock"},{"bleed":true,"items":[{"text":"Bleeding container in the middle of the card","type":"TextBlock","wrap":true}],"style":"Emphasis","type":"Container"},{"text":"Dummy TextBlock","type":"TextBlock"},{"items":[{"text":"Non-bleeding container","type":"TextBlock","wrap":true},{"bleed":true,"items":[{"text":"Bleeding sub-container with style explicitly set to default","type":"TextBlock","wrap":true}],"style":"Default","type":"Container"},{"items":[{"text":"Non-bleeding sub-container with style explicitly set to default","type":"TextBlock","wrap":true}],"style":"Default","type":"Container"},{"bleed":true,"items":[{"text":"Bleeding sub-container with no explicit style","type":"TextBlock","wrap":true}],"type":"Container"},{"bleed":true,"items":[{"text":"Bleeding sub-container with explicit style","type":"TextBlock","wrap":true}],"style":"Good","type":"Container"}],"style":"Emphasis","type":"Container"},{"text":"Bleeding ColumnSet below","type":"TextBlock"},{"bleed":true,"columns":[{"items":[{"size":"Small","style":"person","type":"Image","url":"https://pbs.twimg.com/profile_images/3647943215/d7f12830b3c17a5a9e4afcc370e3a37e_400x400.jpeg"}],"type":"Column","width":"stretch"},{"items":[{"horizontalAlignment":"center","text":"Middle column","type":"TextBlock","wrap":true}],"type":"Column","verticalContentAlignment":"Center","width":"stretch"},{"items":[{"horizontalAlignment":"right","text":"Right column","type":"TextBlock","wrap":true}],"type":"Column","verticalContentAlignment":"Center","width":"stretch"}],"style":"Emphasis","type":"ColumnSet"},{"text":"Left and right column bleeding only","type":"TextBlock"},{"columns":[{"bleed":true,"items":[{"size":"Small","style":"person","type":"Image","url":"https://pbs.twimg.com/profile_images/3647943215/d7f12830b3c17a5a9e4afcc370e3a37e_400x400.jpeg"}],"style":"Emphasis","type":"Column","width":"stretch"},{"items":[{"horizontalAlignment":"center","text":"Middle column","type":"TextBlock","wrap":true},{"bleed":true,"items":[{"horizontalAlignment":"center","text":"Bleeding sub-container in center column","type":"TextBlock","wrap":true}],"spacing":"none","style":"Emphasis","type":"Container"}],"type":"Column","verticalContentAlignment":"Center","width":"stretch"},{"bleed":true,"items":[{"horizontalAlignment":"right","text":"Right column","type":"TextBlock","wrap":true}],"style":"Emphasis","type":"Column","verticalContentAlignment":"Center","width":"stretch"}],"type":"ColumnSet"},{"text":"Dummy TextBlock","type":"TextBlock"},{"bleed":true,"items":[{"text":"Bleeding container","type":"TextBlock","wrap":true},{"items":[{"text":"Non-bleeding sub-container","type":"TextBlock","wrap":true},{"items":[{"text":"Non-bleeding sub-sub-container","type":"TextBlock","wrap":true},{"items":[{"text":"Non-bleeding sub-sub-sub-container containing bleeding ColumnSet","type":"TextBlock","wrap":true},{"bleed":true,"columns":[{"items":[{"size":"Small","style":"person","type":"Image","url":"https://pbs.twimg.com/profile_images/3647943215/d7f12830b3c17a5a9e4afcc370e3a37e_400x400.jpeg"}],"type":"Column","width":"stretch"},{"items":[{"horizontalAlignment":"center","text":"Middle column","type":"TextBlock","wrap":true}],"type":"Column","verticalContentAlignment":"Center","width":"stretch"},{"items":[{"horizontalAlignment":"right","text":"Right column","type":"TextBlock","wrap":true}],"type":"Column","verticalContentAlignment":"Center","width":"stretch"}],"style":"Emphasis","type":"ColumnSet"}],"style":"Default","type":"Container"}],"style":"Emphasis","type":"Container"}],"style":"Default","type":"Container"}],"style":"Emphasis","type":"Container"},{"items":[{"text":"Non-bleeding container","type":"TextBlock","wrap":true},{"items":[{"text":"Non-bleeding sub-container","type":"TextBlock","wrap":true},{"items":[{"text":"Non-bleeding sub-sub-container","type":"TextBlock","wrap":true},{"items":[{"text":"Non-bleeding sub-sub-sub-container containing bleeding ColumnSet","type":"TextBlock","wrap":true},{"bleed":true,"columns":[{"items":[{"size":"Small","style":"person","type":"Image","url":"https://pbs.twimg.com/profile_images/3647943215/d7f12830b3c17a5a9e4afcc370e3a37e_400x400.jpeg"}],"type":"Column","width":"stretch"},{"items":[{"horizontalAlignment":"center","text":"Middle column","type":"TextBlock","wrap":true}],"type":"Column","verticalContentAlignment":"Center","width":"stretch"},{"items":[{"horizontalAlignment":"right","text":"Right column","type":"TextBlock","wrap":true}],"type":"Column","verticalContentAlignment":"Center","width":"stretch"}],"style":"Emphasis","type":"ColumnSet"}],"type":"Container"}],"type":"Container"}],"type":"Container"}],"type":"Container"},{"text":"Dummy TextBlock","type":"TextBlock"},{"bleed":true,"items":[{"text":"Bleeding container at the bottom of the card","type":"TextBlock","wrap":true}],"style":"Emphasis","type":"Container"}],"type":"AdaptiveCard","version":"1.0"}