{"actions":[],"body":[{"bleed":true,"items":[{"text":"Text Block","type":"TextBlock"}],"style":"Good","type":"Container"}],"type":"AdaptiveCard","version":"1.0"}